// Jest Snapshot v1, https://goo.gl/fbAQLP

exports[`<UserInfoCom/> matches snapshot 1`] = `
<UserInfoCom
  userInfo={
    Object {
      "Followers": 5,
      "Followings": 2,
      "Posts": 10,
      "nickname": "test",
    }
  }
>
  <Card
    actions={
      Array [
        <div>
          짹짹
          <br />
          10
        </div>,
        <div>
          팔로잉
          <br />
          2
        </div>,
        <div>
          짹짹
          <br />
          5
        </div>,
      ]
    }
  >
    <div
      className="ant-card ant-card-bordered"
    >
      <div
        className="ant-card-body"
        style={Object {}}
      >
        <Meta
          avatar={
            <Avatar
              shape="circle"
              size="default"
            >
              t
            </Avatar>
          }
          title="test"
        >
          <div
            className="ant-card-meta"
          >
            <div
              className="ant-card-meta-avatar"
            >
              <Avatar
                shape="circle"
                size="default"
              >
                <span
                  className="ant-avatar ant-avatar-circle"
                  style={Object {}}
                >
                  <span
                    className="ant-avatar-string"
                  >
                    t
                  </span>
                </span>
              </Avatar>
            </div>
            <div
              className="ant-card-meta-detail"
            >
              <div
                className="ant-card-meta-title"
              >
                test
              </div>
            </div>
          </div>
        </Meta>
      </div>
      <ul
        className="ant-card-actions"
      >
        <li
          key="action-0"
          style={
            Object {
              "width": "33.333333333333336%",
            }
          }
        >
          <span>
            <div
              key="twit"
            >
              짹짹
              <br />
              10
            </div>
          </span>
        </li>
        <li
          key="action-1"
          style={
            Object {
              "width": "33.333333333333336%",
            }
          }
        >
          <span>
            <div
              key="following"
            >
              팔로잉
              <br />
              2
            </div>
          </span>
        </li>
        <li
          key="action-2"
          style={
            Object {
              "width": "33.333333333333336%",
            }
          }
        >
          <span>
            <div
              key="follower"
            >
              짹짹
              <br />
              5
            </div>
          </span>
        </li>
      </ul>
    </div>
  </Card>
</UserInfoCom>
`;
